# Neoepiscope version 0.3.5; run 2019-08-12
Neoepitope	Chromosome	Pos	Ref	Alt	Mutation_type	VAF	Paired_normal_epitope	Warnings	Transcript_ID	Transcript_type	Gene_ID	Gene_name	IEDB_ID	netMHCIIpan3_HLA*A01:01_rank	netMHCpan4_HLA*A01:01_affinity	netMHCpan4_HLA*A01:01_rank	netMHCIIpan3_HLA*A02:01_rank	netMHCpan4_HLA*A02:01_affinity	netMHCpan4_HLA*A02:01_rank
CGCSQKCN	11	167789	A	T	V	0.102	CGCSQCNN	NA	ENST00000410108.5_1	protein_coding	ENSG00000177951.17_2	BET1L	NA	5	10000.0	1	5	150	4
CGCSQKCN	11	71277056	*	AAA	I	0.001	NA	NA	ENST00000398531.2_2	protein_coding	ENSG00000204572.9_2	KRTAP5-10	NA	5	10000.0	1	5	150	4
PVCCPCKI	11	71277229	A	C	V	0.157	PVCCQCKI	NA	ENST00000398531.2_2	protein_coding	ENSG00000204572.9_2	KRTAP5-10	NA	10	50.57	1.2	3	10.1	7
PVCCPCKI	11	71277229	A	C	V	0.203	PVCCQCKI	NA	ENST00000325113.8_1	protein_coding	ENSG00000177947.13_2	ODF3	NA	10	50.57	1.2	3	10.1	7
